тернаризовано матриц: 12 (у него 17 в torch-стейдже, здесь numpy-модель)
гейт fp32: его метрика 111.21 (надо 111.21), полный свип 112.3734 / nll 4.7218  [101 с]
ternary zero-shot: его метрика 209.75, свип nll 5.3455 (PPL 209.67) — урон +13.2% NLL

калибровка в один проход (2 форварда по train, 0 обратных проходов):
  статистика собрана за 90 с на 864,000.0 позиций
  статистики сохранены (qstats.npz)
  LS-калибровка λ=0.0001: nll 5.0478  PPL 155.68 (его метрика 156.08)  возврат урона  47.7%
  LS-калибровка λ=  0.01: nll 5.0479  PPL 155.69 (его метрика 156.09)  возврат урона  47.7%
  LS-калибровка λ=     1: nll 5.0508  PPL 156.15 (его метрика 156.57)  возврат урона  47.3%

замкнутый рефит головы под логиты учителя (0 эпох, 0 backward):
  head-refit λ= 0.001 anchor=    0: nll 5.0501 PPL  156.04 (его метрика  156.45) возврат   47.4%
  head-refit λ= 0.001 anchor= 0.01: nll 5.0502 PPL  156.05 (его метрика  156.46) возврат   47.4%
  head-refit λ= 0.001 anchor=  0.1: nll 5.0503 PPL  156.06 (его метрика  156.47) возврат   47.3%
  head-refit λ=  0.01 anchor=    0: nll 5.0502 PPL  156.05 (его метрика  156.46) возврат   47.4%
  head-refit λ=  0.01 anchor= 0.01: nll 5.0502 PPL  156.05 (его метрика  156.46) возврат   47.4%
  head-refit λ=  0.01 anchor=  0.1: nll 5.0503 PPL  156.07 (его метрика  156.47) возврат   47.3%
  head-refit λ=   0.1 anchor=    0: nll 5.0503 PPL  156.07 (его метрика  156.48) возврат   47.3%
  head-refit λ=   0.1 anchor= 0.01: nll 5.0503 PPL  156.08 (его метрика  156.49) возврат   47.3%
  head-refit λ=   0.1 anchor=  0.1: nll 5.0504 PPL  156.09 (его метрика  156.50) возврат   47.3%
  только поканальные gains γ (192 числа): nll 5.8871 PPL 360.35 возврат -86.8%

размер: fp32-голова 12.288 МБ; int8-версия 1.536 МБ (цена undid-калибровки)
готово: quantfix.json
