гейт all 4.7221 (надо 4.7218) | урон all 4.8401 sel 9.9717 (Δ +2.0948)

замкнутая правка с приором (0 эпох):
  ridge m=2 μ=10 n≤400          : sel  9.6799 возврат    13.9%  all  4.7991 | чистый all 4.8846 (без урона 4.7221)     5.9 с [115,228 строк]
  ridge m=2 μ=10 n≤2000         : sel  9.6799 возврат    13.9%  all  4.7991 | чистый all 4.8846 (без урона 4.7221)    11.5 с [115,228 строк]
  ridge m=2 μ=100 n≤400         : sel  9.7198 возврат    12.0%  all  4.7927 | чистый all 4.8729 (без урона 4.7221)     2.6 с [115,228 строк]
  ridge m=2 μ=100 n≤2000        : sel  9.7198 возврат    12.0%  all  4.7927 | чистый all 4.8729 (без урона 4.7221)     9.2 с [115,228 строк]
  ridge m=2 μ=1000 n≤400        : sel  9.8942 возврат     3.7%  all  4.7966 | чистый all 4.8511 (без урона 4.7221)     3.7 с [115,228 строк]
  ridge m=2 μ=1000 n≤2000       : sel  9.8942 возврат     3.7%  all  4.7966 | чистый all 4.8511 (без урона 4.7221)     3.2 с [115,228 строк]
  ridge m=4 μ=10 n≤400          : sel  8.5288 возврат    68.9%  all  4.9694 | чистый all 5.1416 (без урона 4.7221)    77.2 с [115,228 строк]
  ridge m=4 μ=10 n≤2000         : sel  8.5288 возврат    68.9%  all  4.9694 | чистый all 5.1416 (без урона 4.7221)    17.7 с [115,228 строк]
  ridge m=4 μ=100 n≤400         : sel  8.3878 возврат    75.6%  all  4.7934 | чистый all 4.9565 (без урона 4.7221)    65.0 с [115,228 строк]
  ridge m=4 μ=100 n≤2000        : sel  8.3878 возврат    75.6%  all  4.7934 | чистый all 4.9565 (без урона 4.7221)    15.0 с [115,228 строк]
  ridge m=4 μ=1000 n≤400        : sel  8.6753 возврат    61.9%  all  4.7557 | чистый all 4.8791 (без урона 4.7221)     4.4 с [115,228 строк]
  ridge m=4 μ=1000 n≤2000       : sel  8.6753 возврат    61.9%  all  4.7557 | чистый all 4.8791 (без урона 4.7221)     3.0 с [115,228 строк]
  ridge m=8 μ=10 n≤400          : sel 10.8477 возврат   -41.8%  all  9.8506 | чистый all 10.1961 (без урона 4.7221)    13.7 с [115,228 строк]
  ridge m=8 μ=10 n≤2000         : sel 10.8477 возврат   -41.8%  all  9.8506 | чистый all 10.1961 (без урона 4.7221)     2.5 с [115,228 строк]
  ridge m=8 μ=100 n≤400         : sel  7.4655 возврат   119.6%  all  6.1869 | чистый all 6.5158 (без урона 4.7221)    53.0 с [115,228 строк]
  ridge m=8 μ=100 n≤2000        : sel  7.4655 возврат   119.6%  all  6.1869 | чистый all 6.5158 (без урона 4.7221)     3.6 с [115,228 строк]
  ridge m=8 μ=1000 n≤400        : sel  6.8529 возврат   148.9%  all  5.0815 | чистый all 5.3427 (без урона 4.7221)     3.1 с [115,228 строк]
  ridge m=8 μ=1000 n≤2000       : sel  6.8529 возврат   148.9%  all  5.0815 | чистый all 5.3427 (без урона 4.7221)    14.9 с [115,228 строк]

  лучшее: возврат 148.9% при m=8 μ=1000 cap=400 за 3.1 с
    +итерация 2                 : sel  6.9500 возврат   144.2%  all  5.5549 | чистый all 5.8675 (без урона 4.7221)     8.8 с 

готово: rebind5.json
