RLS-канал: 1 проход по 864,000 токенам, 24 с; обратных проходов 0

подбор α на отложенном куске train (не val):
  α=0.00: hold-train all 4.8520  sel 9.9392
  α=0.25: hold-train all 4.8527  sel 9.9574
  α=0.50: hold-train all 4.8536  sel 9.9757
  α=1.00: hold-train all 4.8563  sel 10.0129
  α=2.00: hold-train all 4.8646  sel 10.0893
  α=4.00: hold-train all 4.8919  sel 10.2498
  → выбран α=0

оценка на val (перебинденный корпус):
  α=0.00: rebound all 4.8401 sel 9.9717 | чистый all 4.7221 sel 7.8769
  α=0.25: rebound all 4.8405 sel 9.9899 | чистый all 4.7222 sel 7.8887
  α=0.50: rebound all 4.8412 sel 10.0082 | чистый all 4.7226 sel 7.9007
  α=1.00: rebound all 4.8434 sel 10.0455 | чистый all 4.7240 sel 7.9251
  α=2.00: rebound all 4.8506 sel 10.1218 | чистый all 4.7298 sel 7.9759
  α=0.00: rebound all 4.8401 sel 9.9717 | чистый all 4.7221 sel 7.8769

база (чистый val): all 4.7221 sel 7.8769
урон (перебинд, α=0): all 4.8401 sel 9.9717  Δ +2.0948
  α=0.5: возврат   -1.7% урона  (чистый val при этом 4.7226 vs 4.7221)
  α=1: возврат   -3.5% урона  (чистый val при этом 4.7240 vs 4.7221)
  α=2: возврат   -7.2% урона  (чистый val при этом 4.7298 vs 4.7221)
  α=0: возврат    0.0% урона  (чистый val при этом 4.7221 vs 4.7221)

готово: rebind7.json
